// Jest Snapshot v1, https://goo.gl/fbAQLP

exports[`AddressWaitlist renders 1`] = `
<div>
  <div
    class="elMBModal_SectionHeader elMBModal_SectionHeader_Top"
  >
    <div
      class="elMBModal_SectionHeader_Filler"
    />
    <h4
      class="elMBText elMBText_ResetSpacing elMBModal_SectionHeaderText"
    >
      Outside of Service Area
    </h4>
    <div
      class="elMBModal_SectionHeader_Filler"
    />
  </div>
  <div
    class="cm-ae-modal__body"
  >
    <h4
      class="elMBText elMBText_ResetSpacing cm-ae-modal__heading"
    >
      Unfortunately, we don't serve your address yet!
    </h4>
    <h5
      class="elMBText elMBText_ResetSpacing cm-ae-modal__subheading"
    >
      But enter your email address and we'll let you know when we expand to your area.
    </h5>
    <div
      class="el-mblayouts-bi__container cm-ae-waitlist__input__container"
    >
      <input
        autocomplete="false"
        class="elMBInput"
        placeholder="Enter your email address"
        type="email"
        value=""
      />
      <button
        class="elMBButton elMBButton__Default elMBButton__Medium"
      >
        Submit
      </button>
    </div>
  </div>
</div>
`;
